if (y) {
  return 100U;
} else {
  x = bob.age;
  return x;
}
