if (y) {
  uint64_t* r = arr[ix];
  return r + UINT64_C(100);
}
