for (unsigned short i = 0; i < 12; i++) {
  putchar(i);
}
